// Jest Snapshot v1, https://goo.gl/fbAQLP

exports[`Header component matches the snapshot 1`] = `
<header
  className="fixed z-20 min-w-full shadow-lg bg-white dark:bg-gray-700 dark:text-gray-50"
>
  <div
    className="container mx-auto px-4 h-20 flex justify-between items-center"
  >
    <div
      className="flex items-center"
      id="logo"
    >
      <img
        alt="reddit logo"
        className="w-8 fill-current text-green-600"
        src="reddit-logo.svg"
      />
      <h1
        className="pl-2 sm:text-xl font-semibold"
      >
        <span
          className="font-bold"
        >
          Reddit
        </span>
         Client
      </h1>
    </div>
    <div
      className="flex flex-1 mx-4 max-w-sm relative"
      id="search"
    >
      <input
        className="flex-1 w-full border-solid border-2 dark:bg-gray-600 border-gray-300 dark:border-gray-500 rounded-md pl-10 pr-4 py-2"
        onChange={[Function]}
        placeholder="Search Reddit"
        type="search"
        value=""
      />
      <svg
        className="h-5 w-5 absolute left-4 top-3 text-gray-700 dark:text-gray-300"
        fill="none"
        stroke="currentColor"
        viewBox="0 0 24 24"
        xmlns="http://www.w3.org/2000/svg"
      >
        <path
          d="M21 21l-6-6m2-5a7 7 0 11-14 0 7 7 0 0114 0z"
          strokeLinecap="round"
          strokeLinejoin="round"
          strokeWidth={2}
        />
      </svg>
    </div>
    <div
      className="hidden sm:flex border-solid border-2 border-gray-300 dark:border-gray-500 rounded-md divide-x-2 divide-gray-300 dark:divide-gray-500 divide-solid"
      id="dark-mode-toggle"
    >
      <button
        className="px-4 py-2 text-primary dark:text-gray-50"
        id="light-mode"
        onClick={[Function]}
      >
        <svg
          className="h-6 w-6 pointer-events-none"
          fill="none"
          stroke="currentColor"
          viewBox="0 0 24 24"
          xmlns="http://www.w3.org/2000/svg"
        >
          <path
            d="M12 3v1m0 16v1m9-9h-1M4 12H3m15.364 6.364l-.707-.707M6.343 6.343l-.707-.707m12.728 0l-.707.707M6.343 17.657l-.707.707M16 12a4 4 0 11-8 0 4 4 0 018 0z"
            strokeLinecap="round"
            strokeLinejoin="round"
            strokeWidth="2"
          />
        </svg>
      </button>
      <button
        className="px-4 py-2 dark:text-primary"
        id="dark-mode"
        onClick={[Function]}
      >
        <svg
          className="h-6 w-6 pointer-events-none"
          fill="none"
          stroke="currentColor"
          viewBox="0 0 24 24"
          xmlns="http://www.w3.org/2000/svg"
        >
          <path
            d="M20.354 15.354A9 9 0 018.646 3.646 9.003 9.003 0 0012 21a9.003 9.003 0 008.354-5.646z"
            strokeLinecap="round"
            strokeLinejoin="round"
            strokeWidth={2}
          />
        </svg>
      </button>
    </div>
  </div>
</header>
`;
