// Jest Snapshot v1, https://goo.gl/fbAQLP

exports[`Comments component matches the snapshot 1`] = `
<div
  className="mt-2"
  data-testid="comments-wrapper"
  id="post-comments"
/>
`;
